CREATE EXTENSION
CREATE EXTENSION
CREATE EXTENSION
 ?column? 
----------
 f
(1 row)

 ?column? 
----------
 t
(1 row)

 ?column? 
----------
 f
(1 row)
